// Jest Snapshot v1, https://goo.gl/fbAQLP

exports[`decode perks 1`] = `
Array [
  "R1",
  "R2",
  "R3",
  "R4",
  "R5",
  "R6",
  "R7",
  "B1",
  "B2",
  "B3",
  "B4",
  "B5",
  "B6",
  "B7",
  "Y1",
  "Y2",
  "Y3",
  "Y4",
  "Y5",
  "Y6",
  "Y7",
]
`;

exports[`decode perks 2`] = `
Array [
  "R1",
  "R2",
  "R3",
  "R4",
  "R5",
  "B1",
  "B3",
  "P1",
  "P3",
  "P4",
  "P5",
  "P6",
  "Bu1",
  "Bu2",
  "Bu3",
  "W1",
  "W3",
  "W4",
]
`;

exports[`decode perks 3`] = `
Array [
  "W1",
  "W3",
  "W6",
  "W8",
  "W9",
  "W10",
  "IP",
  "IP",
  "IP",
  "IP",
  "IP",
  "IP",
]
`;
